---
source: src/tests.rs
expression: res
---
Fn(
    StmtFn {
        name: "makan",
        params: [],
        body: Block {
            body: [
                Let(
                    StmtLet {
                        name: "lauk",
                        value: Str(
                            ExprStr {
                                value: "nasi",
                            },
                        ),
                    },
                ),
            ],
            tail: None,
        },
    },
)
