---
source: src/tests.rs
expression: res
---
Let(
    StmtLet {
        name: "a",
        value: Binary(
            ExprBinary {
                lhs: Binary(
                    ExprBinary {
                        lhs: Int(
                            ExprInt {
                                value: 1,
                            },
                        ),
                        op: Add,
                        rhs: Int(
                            ExprInt {
                                value: 1,
                            },
                        ),
                    },
                ),
                op: Add,
                rhs: Binary(
                    ExprBinary {
                        lhs: Binary(
                            ExprBinary {
                                lhs: Int(
                                    ExprInt {
                                        value: 2,
                                    },
                                ),
                                op: Multiply,
                                rhs: Int(
                                    ExprInt {
                                        value: 3,
                                    },
                                ),
                            },
                        ),
                        op: Divide,
                        rhs: Binary(
                            ExprBinary {
                                lhs: Int(
                                    ExprInt {
                                        value: 4,
                                    },
                                ),
                                op: Multiply,
                                rhs: Int(
                                    ExprInt {
                                        value: 5,
                                    },
                                ),
                            },
                        ),
                    },
                ),
            },
        ),
    },
)
